// Jest Snapshot v1, https://goo.gl/fbAQLP

exports[`cli-options parseArgs returns defaults based on argv 1`] = `
Object {
  "lighthouse": Object {
    "cpu-slow-down": 4,
    "cpuSlowDown": 4,
    "enabled": false,
    "module-path": "lighthouse",
    "modulePath": "lighthouse",
  },
  "metrics": Object {
    "benchmark": false,
    "ttfb": false,
    "user-timing-marks": Object {},
    "userTimingMarks": Object {},
  },
  "output": Object {
    "file-prefix": "",
    "filePrefix": "",
    "jsonl": false,
    "lantern-debug": false,
    "lanternDebug": false,
    "save-assets": false,
    "saveAssets": false,
  },
  "runs": 1,
  "strategy": "mobile",
  "url": "https://www.google.com",
  "warmupRuns": undefined,
}
`;
