// Jest Snapshot v1, https://goo.gl/fbAQLP

exports[`main returns runner 1`] = `
Runner {
  "counter": Counter {
    "maxRuns": 1,
    "run": 0,
  },
  "fetcher": Fetcher {
    "getLighthouseResult": [Function],
    "mapResult": [Function],
  },
  "samples": Array [],
}
`;
